Quantized reference mode: initializing AI...
Tensor arena used: 27156 / 51200 bytes (53.0%)
QREF_BEGIN input_bytes=1960 output_bytes=3 prob=0.000000000
QREF_IN 0 77
QREF_IN 1 86
QREF_IN 2 84
QREF_IN 3 74
QREF_IN 4 81
QREF_IN 5 85
QREF_IN 6 91
QREF_IN 7 85
QREF_IN 8 84
QREF_IN 9 86
QREF_IN 10 86
QREF_IN 11 84
QREF_IN 12 83
QREF_IN 13 88
QREF_IN 14 99
QREF_IN 15 91
QREF_IN 16 90
QREF_IN 17 96
QREF_IN 18 96
QREF_IN 19 78
QREF_IN 20 85
QREF_IN 21 96
QREF_IN 22 96
QREF_IN 23 102
QREF_IN 24 95
QREF_IN 25 93
QREF_IN 26 96
QREF_IN 27 96
QREF_IN 28 96
QREF_IN 29 99
QREF_IN 30 96
QREF_IN 31 98
QREF_IN 32 103
QREF_IN 33 99
QREF_IN 34 100
QREF_IN 35 109
QREF_IN 36 101
QREF_IN 37 106
QREF_IN 38 102
QREF_IN 39 105
QREF_IN 40 68
QREF_IN 41 76
QREF_IN 42 78
QREF_IN 43 74
QREF_IN 44 86
QREF_IN 45 91
QREF_IN 46 90
QREF_IN 47 88
QREF_IN 48 83
QREF_IN 49 90
QREF_IN 50 94
QREF_IN 51 95
QREF_IN 52 87
QREF_IN 53 81
QREF_IN 54 83
QREF_IN 55 92
QREF_IN 56 94
QREF_IN 57 89
QREF_IN 58 86
QREF_IN 59 94
QREF_IN 60 90
QREF_IN 61 89
QREF_IN 62 99
QREF_IN 63 101
QREF_IN 64 96
QREF_IN 65 100
QREF_IN 66 99
QREF_IN 67 99
QREF_IN 68 100
QREF_IN 69 99
QREF_IN 70 98
QREF_IN 71 99
QREF_IN 72 109
QREF_IN 73 107
QREF_IN 74 108
QREF_IN 75 108
QREF_IN 76 109
QREF_IN 77 108
QREF_IN 78 105
QREF_IN 79 110
QREF_IN 80 80
QREF_IN 81 75
QREF_IN 82 86
QREF_IN 83 82
QREF_IN 84 88
QREF_IN 85 87
QREF_IN 86 84
QREF_IN 87 84
QREF_IN 88 90
QREF_IN 89 89
QREF_IN 90 89
QREF_IN 91 89
QREF_IN 92 78
QREF_IN 93 82
QREF_IN 94 89
QREF_IN 95 86
QREF_IN 96 96
QREF_IN 97 90
QREF_IN 98 74
QREF_IN 99 72
QREF_IN 100 91
QREF_IN 101 96
QREF_IN 102 98
QREF_IN 103 99
QREF_IN 104 95
QREF_IN 105 92
QREF_IN 106 104
QREF_IN 107 103
QREF_IN 108 102
QREF_IN 109 101
QREF_IN 110 103
QREF_IN 111 102
QREF_IN 112 102
QREF_IN 113 100
QREF_IN 114 103
QREF_IN 115 100
QREF_IN 116 102
QREF_IN 117 104
QREF_IN 118 102
QREF_IN 119 105
QREF_IN 120 88
QREF_IN 121 90
QREF_IN 122 93
QREF_IN 123 92
QREF_IN 124 85
QREF_IN 125 84
QREF_IN 126 90
QREF_IN 127 89
QREF_IN 128 96
QREF_IN 129 94
QREF_IN 130 86
QREF_IN 131 83
QREF_IN 132 90
QREF_IN 133 84
QREF_IN 134 94
QREF_IN 135 96
QREF_IN 136 88
QREF_IN 137 85
QREF_IN 138 96
QREF_IN 139 94
QREF_IN 140 92
QREF_IN 141 98
QREF_IN 142 95
QREF_IN 143 91
QREF_IN 144 94
QREF_IN 145 99
QREF_IN 146 98
QREF_IN 147 87
QREF_IN 148 97
QREF_IN 149 101
QREF_IN 150 103
QREF_IN 151 93
QREF_IN 152 99
QREF_IN 153 102
QREF_IN 154 106
QREF_IN 155 103
QREF_IN 156 107
QREF_IN 157 109
QREF_IN 158 108
QREF_IN 159 102
QREF_IN 160 80
QREF_IN 161 81
QREF_IN 162 92
QREF_IN 163 90
QREF_IN 164 88
QREF_IN 165 91
QREF_IN 166 88
QREF_IN 167 88
QREF_IN 168 88
QREF_IN 169 79
QREF_IN 170 79
QREF_IN 171 78
QREF_IN 172 83
QREF_IN 173 95
QREF_IN 174 101
QREF_IN 175 95
QREF_IN 176 90
QREF_IN 177 92
QREF_IN 178 89
QREF_IN 179 87
QREF_IN 180 94
QREF_IN 181 98
QREF_IN 182 98
QREF_IN 183 97
QREF_IN 184 104
QREF_IN 185 98
QREF_IN 186 96
QREF_IN 187 94
QREF_IN 188 95
QREF_IN 189 99
QREF_IN 190 97
QREF_IN 191 99
QREF_IN 192 98
QREF_IN 193 96
QREF_IN 194 105
QREF_IN 195 102
QREF_IN 196 106
QREF_IN 197 110
QREF_IN 198 109
QREF_IN 199 106
QREF_IN 200 86
QREF_IN 201 73
QREF_IN 202 85
QREF_IN 203 88
QREF_IN 204 86
QREF_IN 205 89
QREF_IN 206 79
QREF_IN 207 79
QREF_IN 208 86
QREF_IN 209 79
QREF_IN 210 79
QREF_IN 211 83
QREF_IN 212 93
QREF_IN 213 93
QREF_IN 214 84
QREF_IN 215 91
QREF_IN 216 98
QREF_IN 217 101
QREF_IN 218 100
QREF_IN 219 98
QREF_IN 220 95
QREF_IN 221 98
QREF_IN 222 98
QREF_IN 223 96
QREF_IN 224 98
QREF_IN 225 97
QREF_IN 226 98
QREF_IN 227 98
QREF_IN 228 103
QREF_IN 229 107
QREF_IN 230 97
QREF_IN 231 95
QREF_IN 232 99
QREF_IN 233 99
QREF_IN 234 104
QREF_IN 235 101
QREF_IN 236 102
QREF_IN 237 102
QREF_IN 238 102
QREF_IN 239 104
QREF_IN 240 70
QREF_IN 241 68
QREF_IN 242 86
QREF_IN 243 85
QREF_IN 244 79
QREF_IN 245 89
QREF_IN 246 89
QREF_IN 247 90
QREF_IN 248 76
QREF_IN 249 76
QREF_IN 250 78
QREF_IN 251 84
QREF_IN 252 94
QREF_IN 253 96
QREF_IN 254 89
QREF_IN 255 92
QREF_IN 256 92
QREF_IN 257 90
QREF_IN 258 91
QREF_IN 259 91
QREF_IN 260 93
QREF_IN 261 95
QREF_IN 262 93
QREF_IN 263 95
QREF_IN 264 92
QREF_IN 265 94
QREF_IN 266 92
QREF_IN 267 89
QREF_IN 268 92
QREF_IN 269 96
QREF_IN 270 100
QREF_IN 271 99
QREF_IN 272 102
QREF_IN 273 106
QREF_IN 274 101
QREF_IN 275 107
QREF_IN 276 106
QREF_IN 277 105
QREF_IN 278 103
QREF_IN 279 102
QREF_IN 280 89
QREF_IN 281 86
QREF_IN 282 75
QREF_IN 283 82
QREF_IN 284 83
QREF_IN 285 89
QREF_IN 286 85
QREF_IN 287 83
QREF_IN 288 90
QREF_IN 289 83
QREF_IN 290 85
QREF_IN 291 90
QREF_IN 292 85
QREF_IN 293 90
QREF_IN 294 96
QREF_IN 295 94
QREF_IN 296 92
QREF_IN 297 96
QREF_IN 298 90
QREF_IN 299 98
QREF_IN 300 86
QREF_IN 301 96
QREF_IN 302 99
QREF_IN 303 97
QREF_IN 304 91
QREF_IN 305 101
QREF_IN 306 99
QREF_IN 307 95
QREF_IN 308 95
QREF_IN 309 103
QREF_IN 310 105
QREF_IN 311 98
QREF_IN 312 104
QREF_IN 313 99
QREF_IN 314 100
QREF_IN 315 107
QREF_IN 316 100
QREF_IN 317 105
QREF_IN 318 106
QREF_IN 319 109
QREF_IN 320 88
QREF_IN 321 89
QREF_IN 322 85
QREF_IN 323 66
QREF_IN 324 74
QREF_IN 325 86
QREF_IN 326 88
QREF_IN 327 94
QREF_IN 328 90
QREF_IN 329 96
QREF_IN 330 83
QREF_IN 331 89
QREF_IN 332 86
QREF_IN 333 88
QREF_IN 334 94
QREF_IN 335 92
QREF_IN 336 94
QREF_IN 337 96
QREF_IN 338 95
QREF_IN 339 97
QREF_IN 340 87
QREF_IN 341 85
QREF_IN 342 90
QREF_IN 343 100
QREF_IN 344 100
QREF_IN 345 101
QREF_IN 346 98
QREF_IN 347 98
QREF_IN 348 101
QREF_IN 349 96
QREF_IN 350 99
QREF_IN 351 97
QREF_IN 352 103
QREF_IN 353 105
QREF_IN 354 109
QREF_IN 355 104
QREF_IN 356 104
QREF_IN 357 102
QREF_IN 358 104
QREF_IN 359 106
QREF_IN 360 71
QREF_IN 361 73
QREF_IN 362 76
QREF_IN 363 77
QREF_IN 364 86
QREF_IN 365 87
QREF_IN 366 77
QREF_IN 367 92
QREF_IN 368 88
QREF_IN 369 93
QREF_IN 370 87
QREF_IN 371 88
QREF_IN 372 89
QREF_IN 373 88
QREF_IN 374 92
QREF_IN 375 83
QREF_IN 376 84
QREF_IN 377 94
QREF_IN 378 93
QREF_IN 379 92
QREF_IN 380 93
QREF_IN 381 92
QREF_IN 382 88
QREF_IN 383 103
QREF_IN 384 100
QREF_IN 385 94
QREF_IN 386 104
QREF_IN 387 103
QREF_IN 388 100
QREF_IN 389 97
QREF_IN 390 98
QREF_IN 391 98
QREF_IN 392 103
QREF_IN 393 102
QREF_IN 394 101
QREF_IN 395 108
QREF_IN 396 106
QREF_IN 397 106
QREF_IN 398 106
QREF_IN 399 104
QREF_IN 400 79
QREF_IN 401 84
QREF_IN 402 85
QREF_IN 403 84
QREF_IN 404 81
QREF_IN 405 83
QREF_IN 406 88
QREF_IN 407 86
QREF_IN 408 82
QREF_IN 409 93
QREF_IN 410 85
QREF_IN 411 90
QREF_IN 412 93
QREF_IN 413 95
QREF_IN 414 92
QREF_IN 415 90
QREF_IN 416 87
QREF_IN 417 89
QREF_IN 418 91
QREF_IN 419 93
QREF_IN 420 98
QREF_IN 421 94
QREF_IN 422 93
QREF_IN 423 87
QREF_IN 424 90
QREF_IN 425 97
QREF_IN 426 103
QREF_IN 427 106
QREF_IN 428 100
QREF_IN 429 94
QREF_IN 430 98
QREF_IN 431 93
QREF_IN 432 101
QREF_IN 433 108
QREF_IN 434 101
QREF_IN 435 101
QREF_IN 436 104
QREF_IN 437 102
QREF_IN 438 103
QREF_IN 439 106
QREF_IN 440 76
QREF_IN 441 80
QREF_IN 442 84
QREF_IN 443 76
QREF_IN 444 78
QREF_IN 445 86
QREF_IN 446 92
QREF_IN 447 82
QREF_IN 448 87
QREF_IN 449 93
QREF_IN 450 82
QREF_IN 451 89
QREF_IN 452 91
QREF_IN 453 95
QREF_IN 454 83
QREF_IN 455 90
QREF_IN 456 95
QREF_IN 457 99
QREF_IN 458 93
QREF_IN 459 91
QREF_IN 460 83
QREF_IN 461 90
QREF_IN 462 97
QREF_IN 463 93
QREF_IN 464 103
QREF_IN 465 100
QREF_IN 466 97
QREF_IN 467 98
QREF_IN 468 98
QREF_IN 469 102
QREF_IN 470 101
QREF_IN 471 104
QREF_IN 472 103
QREF_IN 473 102
QREF_IN 474 107
QREF_IN 475 102
QREF_IN 476 106
QREF_IN 477 107
QREF_IN 478 104
QREF_IN 479 102
QREF_IN 480 68
QREF_IN 481 74
QREF_IN 482 72
QREF_IN 483 81
QREF_IN 484 90
QREF_IN 485 84
QREF_IN 486 83
QREF_IN 487 90
QREF_IN 488 79
QREF_IN 489 82
QREF_IN 490 73
QREF_IN 491 71
QREF_IN 492 79
QREF_IN 493 84
QREF_IN 494 92
QREF_IN 495 86
QREF_IN 496 91
QREF_IN 497 91
QREF_IN 498 96
QREF_IN 499 95
QREF_IN 500 96
QREF_IN 501 98
QREF_IN 502 92
QREF_IN 503 97
QREF_IN 504 94
QREF_IN 505 100
QREF_IN 506 98
QREF_IN 507 93
QREF_IN 508 95
QREF_IN 509 96
QREF_IN 510 99
QREF_IN 511 105
QREF_IN 512 106
QREF_IN 513 103
QREF_IN 514 99
QREF_IN 515 106
QREF_IN 516 105
QREF_IN 517 102
QREF_IN 518 107
QREF_IN 519 108
QREF_IN 520 84
QREF_IN 521 75
QREF_IN 522 85
QREF_IN 523 78
QREF_IN 524 88
QREF_IN 525 81
QREF_IN 526 75
QREF_IN 527 78
QREF_IN 528 80
QREF_IN 529 82
QREF_IN 530 82
QREF_IN 531 86
QREF_IN 532 86
QREF_IN 533 87
QREF_IN 534 84
QREF_IN 535 87
QREF_IN 536 94
QREF_IN 537 92
QREF_IN 538 98
QREF_IN 539 97
QREF_IN 540 93
QREF_IN 541 95
QREF_IN 542 96
QREF_IN 543 99
QREF_IN 544 99
QREF_IN 545 89
QREF_IN 546 97
QREF_IN 547 105
QREF_IN 548 99
QREF_IN 549 101
QREF_IN 550 102
QREF_IN 551 108
QREF_IN 552 102
QREF_IN 553 108
QREF_IN 554 106
QREF_IN 555 105
QREF_IN 556 102
QREF_IN 557 102
QREF_IN 558 106
QREF_IN 559 109
QREF_IN 560 83
QREF_IN 561 91
QREF_IN 562 87
QREF_IN 563 72
QREF_IN 564 75
QREF_IN 565 82
QREF_IN 566 89
QREF_IN 567 95
QREF_IN 568 90
QREF_IN 569 93
QREF_IN 570 90
QREF_IN 571 92
QREF_IN 572 87
QREF_IN 573 93
QREF_IN 574 88
QREF_IN 575 87
QREF_IN 576 89
QREF_IN 577 92
QREF_IN 578 96
QREF_IN 579 101
QREF_IN 580 94
QREF_IN 581 95
QREF_IN 582 97
QREF_IN 583 102
QREF_IN 584 96
QREF_IN 585 99
QREF_IN 586 102
QREF_IN 587 94
QREF_IN 588 101
QREF_IN 589 102
QREF_IN 590 102
QREF_IN 591 102
QREF_IN 592 97
QREF_IN 593 103
QREF_IN 594 98
QREF_IN 595 108
QREF_IN 596 105
QREF_IN 597 103
QREF_IN 598 103
QREF_IN 599 108
QREF_IN 600 77
QREF_IN 601 72
QREF_IN 602 75
QREF_IN 603 87
QREF_IN 604 90
QREF_IN 605 88
QREF_IN 606 95
QREF_IN 607 98
QREF_IN 608 83
QREF_IN 609 84
QREF_IN 610 76
QREF_IN 611 87
QREF_IN 612 89
QREF_IN 613 80
QREF_IN 614 88
QREF_IN 615 90
QREF_IN 616 92
QREF_IN 617 97
QREF_IN 618 96
QREF_IN 619 93
QREF_IN 620 90
QREF_IN 621 99
QREF_IN 622 99
QREF_IN 623 105
QREF_IN 624 98
QREF_IN 625 98
QREF_IN 626 100
QREF_IN 627 94
QREF_IN 628 96
QREF_IN 629 99
QREF_IN 630 101
QREF_IN 631 105
QREF_IN 632 99
QREF_IN 633 106
QREF_IN 634 109
QREF_IN 635 101
QREF_IN 636 101
QREF_IN 637 102
QREF_IN 638 108
QREF_IN 639 108
QREF_IN 640 84
QREF_IN 641 87
QREF_IN 642 82
QREF_IN 643 85
QREF_IN 644 85
QREF_IN 645 90
QREF_IN 646 87
QREF_IN 647 94
QREF_IN 648 87
QREF_IN 649 88
QREF_IN 650 88
QREF_IN 651 90
QREF_IN 652 90
QREF_IN 653 93
QREF_IN 654 84
QREF_IN 655 83
QREF_IN 656 91
QREF_IN 657 88
QREF_IN 658 87
QREF_IN 659 84
QREF_IN 660 92
QREF_IN 661 97
QREF_IN 662 101
QREF_IN 663 99
QREF_IN 664 100
QREF_IN 665 96
QREF_IN 666 104
QREF_IN 667 103
QREF_IN 668 96
QREF_IN 669 97
QREF_IN 670 95
QREF_IN 671 97
QREF_IN 672 96
QREF_IN 673 95
QREF_IN 674 104
QREF_IN 675 106
QREF_IN 676 104
QREF_IN 677 106
QREF_IN 678 106
QREF_IN 679 103
QREF_IN 680 71
QREF_IN 681 72
QREF_IN 682 77
QREF_IN 683 86
QREF_IN 684 86
QREF_IN 685 76
QREF_IN 686 82
QREF_IN 687 93
QREF_IN 688 86
QREF_IN 689 90
QREF_IN 690 92
QREF_IN 691 83
QREF_IN 692 91
QREF_IN 693 90
QREF_IN 694 90
QREF_IN 695 91
QREF_IN 696 93
QREF_IN 697 98
QREF_IN 698 92
QREF_IN 699 93
QREF_IN 700 95
QREF_IN 701 100
QREF_IN 702 97
QREF_IN 703 93
QREF_IN 704 90
QREF_IN 705 92
QREF_IN 706 95
QREF_IN 707 101
QREF_IN 708 98
QREF_IN 709 98
QREF_IN 710 105
QREF_IN 711 103
QREF_IN 712 100
QREF_IN 713 101
QREF_IN 714 105
QREF_IN 715 105
QREF_IN 716 101
QREF_IN 717 107
QREF_IN 718 107
QREF_IN 719 107
QREF_IN 720 85
QREF_IN 721 81
QREF_IN 722 81
QREF_IN 723 76
QREF_IN 724 77
QREF_IN 725 82
QREF_IN 726 86
QREF_IN 727 95
QREF_IN 728 92
QREF_IN 729 89
QREF_IN 730 89
QREF_IN 731 90
QREF_IN 732 87
QREF_IN 733 92
QREF_IN 734 88
QREF_IN 735 89
QREF_IN 736 87
QREF_IN 737 94
QREF_IN 738 99
QREF_IN 739 93
QREF_IN 740 96
QREF_IN 741 101
QREF_IN 742 99
QREF_IN 743 101
QREF_IN 744 106
QREF_IN 745 97
QREF_IN 746 97
QREF_IN 747 97
QREF_IN 748 102
QREF_IN 749 100
QREF_IN 750 101
QREF_IN 751 100
QREF_IN 752 103
QREF_IN 753 102
QREF_IN 754 97
QREF_IN 755 107
QREF_IN 756 109
QREF_IN 757 105
QREF_IN 758 100
QREF_IN 759 108
QREF_IN 760 77
QREF_IN 761 82
QREF_IN 762 81
QREF_IN 763 78
QREF_IN 764 80
QREF_IN 765 80
QREF_IN 766 79
QREF_IN 767 85
QREF_IN 768 83
QREF_IN 769 81
QREF_IN 770 82
QREF_IN 771 88
QREF_IN 772 90
QREF_IN 773 81
QREF_IN 774 99
QREF_IN 775 96
QREF_IN 776 96
QREF_IN 777 89
QREF_IN 778 87
QREF_IN 779 87
QREF_IN 780 92
QREF_IN 781 82
QREF_IN 782 82
QREF_IN 783 84
QREF_IN 784 107
QREF_IN 785 104
QREF_IN 786 97
QREF_IN 787 96
QREF_IN 788 100
QREF_IN 789 100
QREF_IN 790 107
QREF_IN 791 107
QREF_IN 792 103
QREF_IN 793 100
QREF_IN 794 104
QREF_IN 795 103
QREF_IN 796 96
QREF_IN 797 107
QREF_IN 798 108
QREF_IN 799 104
QREF_IN 800 79
QREF_IN 801 72
QREF_IN 802 76
QREF_IN 803 73
QREF_IN 804 74
QREF_IN 805 73
QREF_IN 806 78
QREF_IN 807 73
QREF_IN 808 79
QREF_IN 809 94
QREF_IN 810 92
QREF_IN 811 87
QREF_IN 812 93
QREF_IN 813 89
QREF_IN 814 95
QREF_IN 815 100
QREF_IN 816 93
QREF_IN 817 99
QREF_IN 818 95
QREF_IN 819 96
QREF_IN 820 93
QREF_IN 821 96
QREF_IN 822 95
QREF_IN 823 102
QREF_IN 824 103
QREF_IN 825 95
QREF_IN 826 99
QREF_IN 827 106
QREF_IN 828 103
QREF_IN 829 101
QREF_IN 830 104
QREF_IN 831 105
QREF_IN 832 99
QREF_IN 833 102
QREF_IN 834 105
QREF_IN 835 103
QREF_IN 836 101
QREF_IN 837 105
QREF_IN 838 108
QREF_IN 839 103
QREF_IN 840 85
QREF_IN 841 79
QREF_IN 842 86
QREF_IN 843 78
QREF_IN 844 84
QREF_IN 845 90
QREF_IN 846 87
QREF_IN 847 93
QREF_IN 848 71
QREF_IN 849 73
QREF_IN 850 86
QREF_IN 851 86
QREF_IN 852 84
QREF_IN 853 85
QREF_IN 854 90
QREF_IN 855 93
QREF_IN 856 94
QREF_IN 857 100
QREF_IN 858 95
QREF_IN 859 103
QREF_IN 860 99
QREF_IN 861 97
QREF_IN 862 89
QREF_IN 863 89
QREF_IN 864 87
QREF_IN 865 84
QREF_IN 866 92
QREF_IN 867 93
QREF_IN 868 101
QREF_IN 869 101
QREF_IN 870 100
QREF_IN 871 104
QREF_IN 872 105
QREF_IN 873 100
QREF_IN 874 98
QREF_IN 875 101
QREF_IN 876 102
QREF_IN 877 103
QREF_IN 878 108
QREF_IN 879 105
QREF_IN 880 74
QREF_IN 881 76
QREF_IN 882 80
QREF_IN 883 83
QREF_IN 884 85
QREF_IN 885 87
QREF_IN 886 80
QREF_IN 887 74
QREF_IN 888 78
QREF_IN 889 91
QREF_IN 890 93
QREF_IN 891 87
QREF_IN 892 80
QREF_IN 893 97
QREF_IN 894 91
QREF_IN 895 88
QREF_IN 896 95
QREF_IN 897 89
QREF_IN 898 93
QREF_IN 899 94
QREF_IN 900 91
QREF_IN 901 93
QREF_IN 902 90
QREF_IN 903 94
QREF_IN 904 94
QREF_IN 905 97
QREF_IN 906 93
QREF_IN 907 99
QREF_IN 908 103
QREF_IN 909 103
QREF_IN 910 102
QREF_IN 911 100
QREF_IN 912 103
QREF_IN 913 101
QREF_IN 914 103
QREF_IN 915 105
QREF_IN 916 111
QREF_IN 917 108
QREF_IN 918 109
QREF_IN 919 109
QREF_IN 920 85
QREF_IN 921 81
QREF_IN 922 89
QREF_IN 923 85
QREF_IN 924 65
QREF_IN 925 83
QREF_IN 926 81
QREF_IN 927 75
QREF_IN 928 80
QREF_IN 929 81
QREF_IN 930 93
QREF_IN 931 91
QREF_IN 932 91
QREF_IN 933 93
QREF_IN 934 93
QREF_IN 935 101
QREF_IN 936 92
QREF_IN 937 94
QREF_IN 938 90
QREF_IN 939 96
QREF_IN 940 100
QREF_IN 941 97
QREF_IN 942 93
QREF_IN 943 89
QREF_IN 944 96
QREF_IN 945 95
QREF_IN 946 97
QREF_IN 947 91
QREF_IN 948 93
QREF_IN 949 98
QREF_IN 950 103
QREF_IN 951 105
QREF_IN 952 98
QREF_IN 953 96
QREF_IN 954 105
QREF_IN 955 104
QREF_IN 956 102
QREF_IN 957 110
QREF_IN 958 108
QREF_IN 959 101
QREF_IN 960 66
QREF_IN 961 70
QREF_IN 962 83
QREF_IN 963 83
QREF_IN 964 80
QREF_IN 965 83
QREF_IN 966 84
QREF_IN 967 88
QREF_IN 968 77
QREF_IN 969 80
QREF_IN 970 84
QREF_IN 971 85
QREF_IN 972 81
QREF_IN 973 82
QREF_IN 974 95
QREF_IN 975 92
QREF_IN 976 93
QREF_IN 977 90
QREF_IN 978 79
QREF_IN 979 88
QREF_IN 980 90
QREF_IN 981 89
QREF_IN 982 97
QREF_IN 983 99
QREF_IN 984 96
QREF_IN 985 102
QREF_IN 986 98
QREF_IN 987 99
QREF_IN 988 101
QREF_IN 989 93
QREF_IN 990 92
QREF_IN 991 100
QREF_IN 992 102
QREF_IN 993 95
QREF_IN 994 100
QREF_IN 995 105
QREF_IN 996 109
QREF_IN 997 113
QREF_IN 998 111
QREF_IN 999 108
QREF_IN 1000 83
QREF_IN 1001 79
QREF_IN 1002 83
QREF_IN 1003 86
QREF_IN 1004 83
QREF_IN 1005 86
QREF_IN 1006 89
QREF_IN 1007 92
QREF_IN 1008 92
QREF_IN 1009 97
QREF_IN 1010 92
QREF_IN 1011 86
QREF_IN 1012 87
QREF_IN 1013 89
QREF_IN 1014 82
QREF_IN 1015 81
QREF_IN 1016 88
QREF_IN 1017 96
QREF_IN 1018 94
QREF_IN 1019 88
QREF_IN 1020 91
QREF_IN 1021 92
QREF_IN 1022 88
QREF_IN 1023 90
QREF_IN 1024 96
QREF_IN 1025 95
QREF_IN 1026 101
QREF_IN 1027 99
QREF_IN 1028 100
QREF_IN 1029 92
QREF_IN 1030 95
QREF_IN 1031 101
QREF_IN 1032 94
QREF_IN 1033 104
QREF_IN 1034 101
QREF_IN 1035 103
QREF_IN 1036 105
QREF_IN 1037 103
QREF_IN 1038 108
QREF_IN 1039 108
QREF_IN 1040 83
QREF_IN 1041 81
QREF_IN 1042 68
QREF_IN 1043 73
QREF_IN 1044 82
QREF_IN 1045 86
QREF_IN 1046 88
QREF_IN 1047 93
QREF_IN 1048 91
QREF_IN 1049 82
QREF_IN 1050 90
QREF_IN 1051 83
QREF_IN 1052 88
QREF_IN 1053 91
QREF_IN 1054 100
QREF_IN 1055 96
QREF_IN 1056 91
QREF_IN 1057 88
QREF_IN 1058 90
QREF_IN 1059 97
QREF_IN 1060 93
QREF_IN 1061 95
QREF_IN 1062 92
QREF_IN 1063 92
QREF_IN 1064 99
QREF_IN 1065 96
QREF_IN 1066 99
QREF_IN 1067 99
QREF_IN 1068 95
QREF_IN 1069 98
QREF_IN 1070 101
QREF_IN 1071 104
QREF_IN 1072 101
QREF_IN 1073 97
QREF_IN 1074 101
QREF_IN 1075 104
QREF_IN 1076 104
QREF_IN 1077 105
QREF_IN 1078 108
QREF_IN 1079 108
QREF_IN 1080 77
QREF_IN 1081 79
QREF_IN 1082 82
QREF_IN 1083 83
QREF_IN 1084 77
QREF_IN 1085 90
QREF_IN 1086 83
QREF_IN 1087 79
QREF_IN 1088 91
QREF_IN 1089 88
QREF_IN 1090 84
QREF_IN 1091 89
QREF_IN 1092 90
QREF_IN 1093 94
QREF_IN 1094 95
QREF_IN 1095 95
QREF_IN 1096 93
QREF_IN 1097 91
QREF_IN 1098 97
QREF_IN 1099 92
QREF_IN 1100 95
QREF_IN 1101 92
QREF_IN 1102 99
QREF_IN 1103 93
QREF_IN 1104 103
QREF_IN 1105 96
QREF_IN 1106 95
QREF_IN 1107 101
QREF_IN 1108 98
QREF_IN 1109 100
QREF_IN 1110 104
QREF_IN 1111 96
QREF_IN 1112 98
QREF_IN 1113 95
QREF_IN 1114 95
QREF_IN 1115 100
QREF_IN 1116 106
QREF_IN 1117 112
QREF_IN 1118 111
QREF_IN 1119 107
QREF_IN 1120 82
QREF_IN 1121 82
QREF_IN 1122 91
QREF_IN 1123 94
QREF_IN 1124 89
QREF_IN 1125 74
QREF_IN 1126 81
QREF_IN 1127 80
QREF_IN 1128 86
QREF_IN 1129 84
QREF_IN 1130 85
QREF_IN 1131 86
QREF_IN 1132 87
QREF_IN 1133 89
QREF_IN 1134 93
QREF_IN 1135 95
QREF_IN 1136 93
QREF_IN 1137 96
QREF_IN 1138 89
QREF_IN 1139 90
QREF_IN 1140 94
QREF_IN 1141 99
QREF_IN 1142 95
QREF_IN 1143 98
QREF_IN 1144 91
QREF_IN 1145 89
QREF_IN 1146 95
QREF_IN 1147 100
QREF_IN 1148 103
QREF_IN 1149 104
QREF_IN 1150 100
QREF_IN 1151 102
QREF_IN 1152 103
QREF_IN 1153 100
QREF_IN 1154 102
QREF_IN 1155 108
QREF_IN 1156 106
QREF_IN 1157 105
QREF_IN 1158 105
QREF_IN 1159 104
QREF_IN 1160 80
QREF_IN 1161 88
QREF_IN 1162 89
QREF_IN 1163 82
QREF_IN 1164 73
QREF_IN 1165 83
QREF_IN 1166 79
QREF_IN 1167 85
QREF_IN 1168 85
QREF_IN 1169 93
QREF_IN 1170 89
QREF_IN 1171 94
QREF_IN 1172 94
QREF_IN 1173 92
QREF_IN 1174 83
QREF_IN 1175 77
QREF_IN 1176 96
QREF_IN 1177 90
QREF_IN 1178 94
QREF_IN 1179 98
QREF_IN 1180 91
QREF_IN 1181 95
QREF_IN 1182 102
QREF_IN 1183 99
QREF_IN 1184 99
QREF_IN 1185 93
QREF_IN 1186 90
QREF_IN 1187 101
QREF_IN 1188 94
QREF_IN 1189 95
QREF_IN 1190 101
QREF_IN 1191 101
QREF_IN 1192 104
QREF_IN 1193 96
QREF_IN 1194 95
QREF_IN 1195 102
QREF_IN 1196 102
QREF_IN 1197 107
QREF_IN 1198 108
QREF_IN 1199 112
QREF_IN 1200 76
QREF_IN 1201 86
QREF_IN 1202 85
QREF_IN 1203 79
QREF_IN 1204 89
QREF_IN 1205 92
QREF_IN 1206 84
QREF_IN 1207 82
QREF_IN 1208 88
QREF_IN 1209 83
QREF_IN 1210 86
QREF_IN 1211 94
QREF_IN 1212 96
QREF_IN 1213 94
QREF_IN 1214 90
QREF_IN 1215 81
QREF_IN 1216 80
QREF_IN 1217 90
QREF_IN 1218 97
QREF_IN 1219 96
QREF_IN 1220 99
QREF_IN 1221 94
QREF_IN 1222 96
QREF_IN 1223 90
QREF_IN 1224 99
QREF_IN 1225 102
QREF_IN 1226 103
QREF_IN 1227 102
QREF_IN 1228 94
QREF_IN 1229 97
QREF_IN 1230 98
QREF_IN 1231 101
QREF_IN 1232 92
QREF_IN 1233 101
QREF_IN 1234 101
QREF_IN 1235 99
QREF_IN 1236 107
QREF_IN 1237 102
QREF_IN 1238 103
QREF_IN 1239 106
QREF_IN 1240 88
QREF_IN 1241 79
QREF_IN 1242 86
QREF_IN 1243 90
QREF_IN 1244 82
QREF_IN 1245 93
QREF_IN 1246 93
QREF_IN 1247 85
QREF_IN 1248 84
QREF_IN 1249 82
QREF_IN 1250 78
QREF_IN 1251 83
QREF_IN 1252 88
QREF_IN 1253 88
QREF_IN 1254 88
QREF_IN 1255 84
QREF_IN 1256 91
QREF_IN 1257 94
QREF_IN 1258 94
QREF_IN 1259 100
QREF_IN 1260 94
QREF_IN 1261 96
QREF_IN 1262 99
QREF_IN 1263 101
QREF_IN 1264 95
QREF_IN 1265 98
QREF_IN 1266 104
QREF_IN 1267 102
QREF_IN 1268 98
QREF_IN 1269 89
QREF_IN 1270 95
QREF_IN 1271 99
QREF_IN 1272 105
QREF_IN 1273 101
QREF_IN 1274 106
QREF_IN 1275 98
QREF_IN 1276 100
QREF_IN 1277 107
QREF_IN 1278 105
QREF_IN 1279 107
QREF_IN 1280 88
QREF_IN 1281 78
QREF_IN 1282 74
QREF_IN 1283 75
QREF_IN 1284 84
QREF_IN 1285 73
QREF_IN 1286 56
QREF_IN 1287 78
QREF_IN 1288 88
QREF_IN 1289 98
QREF_IN 1290 93
QREF_IN 1291 88
QREF_IN 1292 90
QREF_IN 1293 90
QREF_IN 1294 85
QREF_IN 1295 88
QREF_IN 1296 92
QREF_IN 1297 91
QREF_IN 1298 91
QREF_IN 1299 90
QREF_IN 1300 96
QREF_IN 1301 98
QREF_IN 1302 99
QREF_IN 1303 92
QREF_IN 1304 95
QREF_IN 1305 93
QREF_IN 1306 97
QREF_IN 1307 95
QREF_IN 1308 99
QREF_IN 1309 102
QREF_IN 1310 98
QREF_IN 1311 102
QREF_IN 1312 104
QREF_IN 1313 98
QREF_IN 1314 102
QREF_IN 1315 108
QREF_IN 1316 100
QREF_IN 1317 98
QREF_IN 1318 101
QREF_IN 1319 108
QREF_IN 1320 81
QREF_IN 1321 70
QREF_IN 1322 73
QREF_IN 1323 74
QREF_IN 1324 82
QREF_IN 1325 90
QREF_IN 1326 76
QREF_IN 1327 70
QREF_IN 1328 67
QREF_IN 1329 81
QREF_IN 1330 77
QREF_IN 1331 78
QREF_IN 1332 78
QREF_IN 1333 89
QREF_IN 1334 98
QREF_IN 1335 96
QREF_IN 1336 87
QREF_IN 1337 95
QREF_IN 1338 94
QREF_IN 1339 94
QREF_IN 1340 92
QREF_IN 1341 93
QREF_IN 1342 94
QREF_IN 1343 95
QREF_IN 1344 100
QREF_IN 1345 100
QREF_IN 1346 97
QREF_IN 1347 95
QREF_IN 1348 99
QREF_IN 1349 99
QREF_IN 1350 96
QREF_IN 1351 97
QREF_IN 1352 107
QREF_IN 1353 107
QREF_IN 1354 102
QREF_IN 1355 101
QREF_IN 1356 105
QREF_IN 1357 103
QREF_IN 1358 101
QREF_IN 1359 103
QREF_IN 1360 82
QREF_IN 1361 86
QREF_IN 1362 82
QREF_IN 1363 78
QREF_IN 1364 81
QREF_IN 1365 84
QREF_IN 1366 85
QREF_IN 1367 83
QREF_IN 1368 79
QREF_IN 1369 84
QREF_IN 1370 86
QREF_IN 1371 86
QREF_IN 1372 89
QREF_IN 1373 94
QREF_IN 1374 99
QREF_IN 1375 92
QREF_IN 1376 92
QREF_IN 1377 93
QREF_IN 1378 91
QREF_IN 1379 95
QREF_IN 1380 101
QREF_IN 1381 99
QREF_IN 1382 99
QREF_IN 1383 100
QREF_IN 1384 100
QREF_IN 1385 93
QREF_IN 1386 97
QREF_IN 1387 99
QREF_IN 1388 100
QREF_IN 1389 102
QREF_IN 1390 105
QREF_IN 1391 103
QREF_IN 1392 102
QREF_IN 1393 105
QREF_IN 1394 101
QREF_IN 1395 101
QREF_IN 1396 104
QREF_IN 1397 109
QREF_IN 1398 109
QREF_IN 1399 107
QREF_IN 1400 93
QREF_IN 1401 93
QREF_IN 1402 87
QREF_IN 1403 77
QREF_IN 1404 77
QREF_IN 1405 82
QREF_IN 1406 78
QREF_IN 1407 85
QREF_IN 1408 92
QREF_IN 1409 96
QREF_IN 1410 92
QREF_IN 1411 87
QREF_IN 1412 84
QREF_IN 1413 83
QREF_IN 1414 89
QREF_IN 1415 98
QREF_IN 1416 92
QREF_IN 1417 83
QREF_IN 1418 92
QREF_IN 1419 97
QREF_IN 1420 102
QREF_IN 1421 102
QREF_IN 1422 95
QREF_IN 1423 93
QREF_IN 1424 97
QREF_IN 1425 91
QREF_IN 1426 94
QREF_IN 1427 99
QREF_IN 1428 99
QREF_IN 1429 103
QREF_IN 1430 104
QREF_IN 1431 103
QREF_IN 1432 97
QREF_IN 1433 102
QREF_IN 1434 104
QREF_IN 1435 95
QREF_IN 1436 100
QREF_IN 1437 105
QREF_IN 1438 109
QREF_IN 1439 108
QREF_IN 1440 81
QREF_IN 1441 78
QREF_IN 1442 84
QREF_IN 1443 89
QREF_IN 1444 87
QREF_IN 1445 91
QREF_IN 1446 87
QREF_IN 1447 87
QREF_IN 1448 90
QREF_IN 1449 89
QREF_IN 1450 77
QREF_IN 1451 85
QREF_IN 1452 89
QREF_IN 1453 96
QREF_IN 1454 93
QREF_IN 1455 88
QREF_IN 1456 89
QREF_IN 1457 85
QREF_IN 1458 89
QREF_IN 1459 92
QREF_IN 1460 85
QREF_IN 1461 91
QREF_IN 1462 98
QREF_IN 1463 98
QREF_IN 1464 97
QREF_IN 1465 103
QREF_IN 1466 95
QREF_IN 1467 102
QREF_IN 1468 95
QREF_IN 1469 97
QREF_IN 1470 101
QREF_IN 1471 104
QREF_IN 1472 102
QREF_IN 1473 100
QREF_IN 1474 102
QREF_IN 1475 106
QREF_IN 1476 107
QREF_IN 1477 105
QREF_IN 1478 103
QREF_IN 1479 110
QREF_IN 1480 83
QREF_IN 1481 83
QREF_IN 1482 77
QREF_IN 1483 74
QREF_IN 1484 74
QREF_IN 1485 78
QREF_IN 1486 89
QREF_IN 1487 82
QREF_IN 1488 87
QREF_IN 1489 89
QREF_IN 1490 91
QREF_IN 1491 90
QREF_IN 1492 84
QREF_IN 1493 90
QREF_IN 1494 88
QREF_IN 1495 94
QREF_IN 1496 95
QREF_IN 1497 95
QREF_IN 1498 91
QREF_IN 1499 91
QREF_IN 1500 93
QREF_IN 1501 92
QREF_IN 1502 96
QREF_IN 1503 101
QREF_IN 1504 95
QREF_IN 1505 97
QREF_IN 1506 101
QREF_IN 1507 97
QREF_IN 1508 99
QREF_IN 1509 102
QREF_IN 1510 98
QREF_IN 1511 100
QREF_IN 1512 107
QREF_IN 1513 107
QREF_IN 1514 107
QREF_IN 1515 105
QREF_IN 1516 106
QREF_IN 1517 104
QREF_IN 1518 102
QREF_IN 1519 106
QREF_IN 1520 88
QREF_IN 1521 76
QREF_IN 1522 79
QREF_IN 1523 72
QREF_IN 1524 80
QREF_IN 1525 81
QREF_IN 1526 85
QREF_IN 1527 88
QREF_IN 1528 78
QREF_IN 1529 92
QREF_IN 1530 92
QREF_IN 1531 93
QREF_IN 1532 95
QREF_IN 1533 86
QREF_IN 1534 91
QREF_IN 1535 93
QREF_IN 1536 98
QREF_IN 1537 85
QREF_IN 1538 85
QREF_IN 1539 84
QREF_IN 1540 92
QREF_IN 1541 95
QREF_IN 1542 98
QREF_IN 1543 93
QREF_IN 1544 96
QREF_IN 1545 91
QREF_IN 1546 102
QREF_IN 1547 98
QREF_IN 1548 97
QREF_IN 1549 103
QREF_IN 1550 104
QREF_IN 1551 102
QREF_IN 1552 105
QREF_IN 1553 98
QREF_IN 1554 105
QREF_IN 1555 103
QREF_IN 1556 103
QREF_IN 1557 106
QREF_IN 1558 109
QREF_IN 1559 108
QREF_IN 1560 80
QREF_IN 1561 81
QREF_IN 1562 86
QREF_IN 1563 85
QREF_IN 1564 84
QREF_IN 1565 95
QREF_IN 1566 91
QREF_IN 1567 81
QREF_IN 1568 87
QREF_IN 1569 93
QREF_IN 1570 87
QREF_IN 1571 90
QREF_IN 1572 92
QREF_IN 1573 98
QREF_IN 1574 89
QREF_IN 1575 92
QREF_IN 1576 92
QREF_IN 1577 93
QREF_IN 1578 95
QREF_IN 1579 93
QREF_IN 1580 90
QREF_IN 1581 89
QREF_IN 1582 99
QREF_IN 1583 100
QREF_IN 1584 100
QREF_IN 1585 101
QREF_IN 1586 92
QREF_IN 1587 95
QREF_IN 1588 103
QREF_IN 1589 103
QREF_IN 1590 103
QREF_IN 1591 97
QREF_IN 1592 104
QREF_IN 1593 103
QREF_IN 1594 99
QREF_IN 1595 99
QREF_IN 1596 103
QREF_IN 1597 103
QREF_IN 1598 104
QREF_IN 1599 102
QREF_IN 1600 58
QREF_IN 1601 75
QREF_IN 1602 85
QREF_IN 1603 84
QREF_IN 1604 89
QREF_IN 1605 92
QREF_IN 1606 76
QREF_IN 1607 81
QREF_IN 1608 90
QREF_IN 1609 93
QREF_IN 1610 86
QREF_IN 1611 94
QREF_IN 1612 95
QREF_IN 1613 87
QREF_IN 1614 86
QREF_IN 1615 91
QREF_IN 1616 92
QREF_IN 1617 94
QREF_IN 1618 86
QREF_IN 1619 75
QREF_IN 1620 81
QREF_IN 1621 99
QREF_IN 1622 92
QREF_IN 1623 94
QREF_IN 1624 86
QREF_IN 1625 97
QREF_IN 1626 102
QREF_IN 1627 100
QREF_IN 1628 109
QREF_IN 1629 99
QREF_IN 1630 105
QREF_IN 1631 104
QREF_IN 1632 101
QREF_IN 1633 101
QREF_IN 1634 96
QREF_IN 1635 102
QREF_IN 1636 107
QREF_IN 1637 102
QREF_IN 1638 110
QREF_IN 1639 108
QREF_IN 1640 79
QREF_IN 1641 89
QREF_IN 1642 82
QREF_IN 1643 77
QREF_IN 1644 88
QREF_IN 1645 97
QREF_IN 1646 89
QREF_IN 1647 81
QREF_IN 1648 74
QREF_IN 1649 85
QREF_IN 1650 83
QREF_IN 1651 91
QREF_IN 1652 90
QREF_IN 1653 84
QREF_IN 1654 82
QREF_IN 1655 84
QREF_IN 1656 86
QREF_IN 1657 93
QREF_IN 1658 93
QREF_IN 1659 89
QREF_IN 1660 93
QREF_IN 1661 90
QREF_IN 1662 88
QREF_IN 1663 92
QREF_IN 1664 97
QREF_IN 1665 97
QREF_IN 1666 98
QREF_IN 1667 101
QREF_IN 1668 106
QREF_IN 1669 105
QREF_IN 1670 102
QREF_IN 1671 97
QREF_IN 1672 93
QREF_IN 1673 97
QREF_IN 1674 100
QREF_IN 1675 106
QREF_IN 1676 100
QREF_IN 1677 105
QREF_IN 1678 103
QREF_IN 1679 106
QREF_IN 1680 94
QREF_IN 1681 97
QREF_IN 1682 84
QREF_IN 1683 83
QREF_IN 1684 71
QREF_IN 1685 78
QREF_IN 1686 81
QREF_IN 1687 91
QREF_IN 1688 89
QREF_IN 1689 94
QREF_IN 1690 93
QREF_IN 1691 85
QREF_IN 1692 99
QREF_IN 1693 98
QREF_IN 1694 90
QREF_IN 1695 99
QREF_IN 1696 92
QREF_IN 1697 90
QREF_IN 1698 90
QREF_IN 1699 84
QREF_IN 1700 85
QREF_IN 1701 99
QREF_IN 1702 97
QREF_IN 1703 97
QREF_IN 1704 92
QREF_IN 1705 91
QREF_IN 1706 101
QREF_IN 1707 105
QREF_IN 1708 100
QREF_IN 1709 97
QREF_IN 1710 98
QREF_IN 1711 97
QREF_IN 1712 99
QREF_IN 1713 92
QREF_IN 1714 99
QREF_IN 1715 100
QREF_IN 1716 101
QREF_IN 1717 104
QREF_IN 1718 107
QREF_IN 1719 109
QREF_IN 1720 82
QREF_IN 1721 81
QREF_IN 1722 88
QREF_IN 1723 91
QREF_IN 1724 80
QREF_IN 1725 71
QREF_IN 1726 77
QREF_IN 1727 87
QREF_IN 1728 90
QREF_IN 1729 84
QREF_IN 1730 83
QREF_IN 1731 93
QREF_IN 1732 99
QREF_IN 1733 93
QREF_IN 1734 101
QREF_IN 1735 96
QREF_IN 1736 94
QREF_IN 1737 81
QREF_IN 1738 88
QREF_IN 1739 98
QREF_IN 1740 96
QREF_IN 1741 95
QREF_IN 1742 93
QREF_IN 1743 93
QREF_IN 1744 96
QREF_IN 1745 100
QREF_IN 1746 101
QREF_IN 1747 97
QREF_IN 1748 96
QREF_IN 1749 92
QREF_IN 1750 97
QREF_IN 1751 94
QREF_IN 1752 99
QREF_IN 1753 101
QREF_IN 1754 103
QREF_IN 1755 104
QREF_IN 1756 102
QREF_IN 1757 103
QREF_IN 1758 107
QREF_IN 1759 108
QREF_IN 1760 77
QREF_IN 1761 78
QREF_IN 1762 78
QREF_IN 1763 82
QREF_IN 1764 83
QREF_IN 1765 88
QREF_IN 1766 83
QREF_IN 1767 85
QREF_IN 1768 84
QREF_IN 1769 88
QREF_IN 1770 88
QREF_IN 1771 92
QREF_IN 1772 90
QREF_IN 1773 85
QREF_IN 1774 90
QREF_IN 1775 88
QREF_IN 1776 91
QREF_IN 1777 96
QREF_IN 1778 81
QREF_IN 1779 93
QREF_IN 1780 95
QREF_IN 1781 85
QREF_IN 1782 84
QREF_IN 1783 96
QREF_IN 1784 99
QREF_IN 1785 100
QREF_IN 1786 105
QREF_IN 1787 101
QREF_IN 1788 101
QREF_IN 1789 106
QREF_IN 1790 104
QREF_IN 1791 106
QREF_IN 1792 97
QREF_IN 1793 97
QREF_IN 1794 97
QREF_IN 1795 104
QREF_IN 1796 104
QREF_IN 1797 103
QREF_IN 1798 112
QREF_IN 1799 109
QREF_IN 1800 77
QREF_IN 1801 84
QREF_IN 1802 83
QREF_IN 1803 76
QREF_IN 1804 82
QREF_IN 1805 89
QREF_IN 1806 91
QREF_IN 1807 86
QREF_IN 1808 78
QREF_IN 1809 81
QREF_IN 1810 86
QREF_IN 1811 80
QREF_IN 1812 81
QREF_IN 1813 93
QREF_IN 1814 95
QREF_IN 1815 94
QREF_IN 1816 91
QREF_IN 1817 96
QREF_IN 1818 93
QREF_IN 1819 85
QREF_IN 1820 95
QREF_IN 1821 93
QREF_IN 1822 99
QREF_IN 1823 97
QREF_IN 1824 97
QREF_IN 1825 95
QREF_IN 1826 92
QREF_IN 1827 103
QREF_IN 1828 100
QREF_IN 1829 100
QREF_IN 1830 99
QREF_IN 1831 102
QREF_IN 1832 95
QREF_IN 1833 102
QREF_IN 1834 99
QREF_IN 1835 104
QREF_IN 1836 104
QREF_IN 1837 109
QREF_IN 1838 107
QREF_IN 1839 106
QREF_IN 1840 81
QREF_IN 1841 82
QREF_IN 1842 82
QREF_IN 1843 78
QREF_IN 1844 77
QREF_IN 1845 73
QREF_IN 1846 86
QREF_IN 1847 91
QREF_IN 1848 91
QREF_IN 1849 88
QREF_IN 1850 95
QREF_IN 1851 93
QREF_IN 1852 84
QREF_IN 1853 89
QREF_IN 1854 93
QREF_IN 1855 95
QREF_IN 1856 92
QREF_IN 1857 93
QREF_IN 1858 91
QREF_IN 1859 99
QREF_IN 1860 98
QREF_IN 1861 103
QREF_IN 1862 98
QREF_IN 1863 101
QREF_IN 1864 99
QREF_IN 1865 95
QREF_IN 1866 98
QREF_IN 1867 103
QREF_IN 1868 101
QREF_IN 1869 98
QREF_IN 1870 94
QREF_IN 1871 96
QREF_IN 1872 108
QREF_IN 1873 107
QREF_IN 1874 101
QREF_IN 1875 105
QREF_IN 1876 107
QREF_IN 1877 102
QREF_IN 1878 106
QREF_IN 1879 110
QREF_IN 1880 77
QREF_IN 1881 87
QREF_IN 1882 87
QREF_IN 1883 86
QREF_IN 1884 87
QREF_IN 1885 76
QREF_IN 1886 74
QREF_IN 1887 75
QREF_IN 1888 86
QREF_IN 1889 89
QREF_IN 1890 100
QREF_IN 1891 100
QREF_IN 1892 97
QREF_IN 1893 88
QREF_IN 1894 86
QREF_IN 1895 86
QREF_IN 1896 89
QREF_IN 1897 93
QREF_IN 1898 90
QREF_IN 1899 84
QREF_IN 1900 99
QREF_IN 1901 96
QREF_IN 1902 86
QREF_IN 1903 89
QREF_IN 1904 102
QREF_IN 1905 99
QREF_IN 1906 101
QREF_IN 1907 98
QREF_IN 1908 104
QREF_IN 1909 101
QREF_IN 1910 94
QREF_IN 1911 99
QREF_IN 1912 97
QREF_IN 1913 102
QREF_IN 1914 101
QREF_IN 1915 101
QREF_IN 1916 104
QREF_IN 1917 110
QREF_IN 1918 105
QREF_IN 1919 103
QREF_IN 1920 85
QREF_IN 1921 81
QREF_IN 1922 85
QREF_IN 1923 88
QREF_IN 1924 77
QREF_IN 1925 83
QREF_IN 1926 85
QREF_IN 1927 86
QREF_IN 1928 87
QREF_IN 1929 90
QREF_IN 1930 89
QREF_IN 1931 89
QREF_IN 1932 87
QREF_IN 1933 84
QREF_IN 1934 80
QREF_IN 1935 83
QREF_IN 1936 97
QREF_IN 1937 93
QREF_IN 1938 95
QREF_IN 1939 97
QREF_IN 1940 96
QREF_IN 1941 92
QREF_IN 1942 91
QREF_IN 1943 95
QREF_IN 1944 99
QREF_IN 1945 101
QREF_IN 1946 105
QREF_IN 1947 105
QREF_IN 1948 94
QREF_IN 1949 101
QREF_IN 1950 105
QREF_IN 1951 105
QREF_IN 1952 106
QREF_IN 1953 99
QREF_IN 1954 101
QREF_IN 1955 107
QREF_IN 1956 106
QREF_IN 1957 106
QREF_IN 1958 99
QREF_IN 1959 102
QREF_OUT 0 127
QREF_OUT 1 -128
QREF_OUT 2 -128
QREF_END
